// Jest Snapshot v1, https://goo.gl/fbAQLP

exports[`button 是个 button 1`] = `
<DocumentFragment>
  <button
    class="daybreak-button daybreak-button-normal"
    type="button"
  />
</DocumentFragment>
`;
