// Jest Snapshot v1, https://goo.gl/fbAQLP

exports[`Pagination match snapshot 1`] = `
<DocumentFragment>
  <div>
    <div
      class="daybreak-pagination"
    >
      <button
        class="daybreak-button daybreak-button-normal daybreak-pagination-button"
        disabled=""
        type="button"
      >
        <div
          style="opacity: 1;"
        >
          <svg
            class="daybreak-icon"
          >
            <use
              xlink:href="#left"
            />
          </svg>
        </div>
      </button>
      <button
        class="daybreak-button daybreak-button-primary daybreak-pagination-button"
        type="button"
      >
        <div
          style="opacity: 1;"
        >
          1
        </div>
      </button>
      <button
        class="daybreak-button daybreak-button-normal daybreak-pagination-button"
        type="button"
      >
        <div
          style="opacity: 1;"
        >
          2
        </div>
      </button>
      <button
        class="daybreak-button daybreak-button-normal daybreak-pagination-button"
        type="button"
      >
        <div
          style="opacity: 1;"
        >
          3
        </div>
      </button>
      <button
        class="daybreak-button daybreak-button-normal daybreak-pagination-button"
        type="button"
      >
        <div
          style="opacity: 1;"
        >
          4
        </div>
      </button>
      <button
        class="daybreak-button daybreak-button-normal daybreak-pagination-button"
        type="button"
      >
        <div
          style="opacity: 1;"
        >
          5
        </div>
      </button>
      <button
        class="daybreak-button daybreak-button-normal daybreak-pagination-button"
        type="button"
      >
        <div
          style="opacity: 1;"
        >
          ...
        </div>
      </button>
      <button
        class="daybreak-button daybreak-button-normal daybreak-pagination-button"
        type="button"
      >
        <div
          style="opacity: 1;"
        >
          20
        </div>
      </button>
      <button
        class="daybreak-button daybreak-button-normal daybreak-pagination-button"
        type="button"
      >
        <div
          style="opacity: 1;"
        >
          <svg
            class="daybreak-icon"
          >
            <use
              xlink:href="#right"
            />
          </svg>
        </div>
      </button>
    </div>
  </div>
</DocumentFragment>
`;
