// Jest Snapshot v1, https://goo.gl/fbAQLP

exports[`Icon 是个 svg 1`] = `
<DocumentFragment>
  <svg
    class="daybreak-icon"
  >
    <use
      xlink:href="#qq"
    />
  </svg>
</DocumentFragment>
`;
