// Jest Snapshot v1, https://goo.gl/fbAQLP

exports[`Icon 是个 svg 1`] = `
<svg
  className="kaka-icon"
>
  <use
    xlinkHref="#qq"
  />
</svg>
`;
